// Jest Snapshot v1, https://goo.gl/fbAQLP

exports[`<Nav/> Renders a minimal nav when signed out 1`] = `
<div>
  <ul
    class="NavStyles-sc-11c0d2g-0 fJDnNJ"
  >
    <a
      href="/products"
    >
      Products
    </a>
    <a
      href="/signin"
    >
      Sign In
    </a>
  </ul>
</div>
`;
